
Discarded input sections

 .group         0x00000000        0xc ../build/obj/src/sas_dac.o
 .group         0x00000000        0xc ../build/obj/src/sas_dac.o
 .group         0x00000000        0xc ../build/obj/src/sas_dac.o
 .group         0x00000000        0xc ../build/obj/src/sas_dac.o
 .group         0x00000000        0xc ../build/obj/src/sas_dac.o
 .group         0x00000000        0xc ../build/obj/src/sas_dac.o
 .group         0x00000000        0xc ../build/obj/src/sas_dac.o
 .group         0x00000000        0xc ../build/obj/src/sas_dac.o
 .group         0x00000000        0xc ../build/obj/src/sas_wdg.o
 .group         0x00000000        0xc ../build/obj/src/sas_wdg.o
 .group         0x00000000        0xc ../build/obj/src/sas_wdg.o
 .group         0x00000000        0xc ../build/obj/src/sas_wdg.o
 .group         0x00000000        0xc ../build/obj/src/sas_wdg.o
 .group         0x00000000        0xc ../build/obj/src/sas_wdg.o
 .group         0x00000000        0xc ../build/obj/src/sas_wdg.o
 .group         0x00000000        0xc ../build/obj/src/sas_wdg.o
 .group         0x00000000        0xc ../build/obj/src/sas_wdg.o
 .group         0x00000000        0xc ../build/obj/src/sas_wdg.o
 .group         0x00000000        0xc ../build/obj/src/sas_wdg.o
 .group         0x00000000        0xc ../build/obj/src/sas_wdg.o
 .group         0x00000000        0xc ../build/obj/src/sas_wdg.o
 .group         0x00000000        0xc ../build/obj/src/sas_wdg.o
 .debug_macro   0x00000000      0xa60 ../build/obj/src/sas_wdg.o
 .debug_macro   0x00000000       0x22 ../build/obj/src/sas_wdg.o
 .debug_macro   0x00000000       0x8e ../build/obj/src/sas_wdg.o
 .debug_macro   0x00000000       0x51 ../build/obj/src/sas_wdg.o
 .debug_macro   0x00000000      0x103 ../build/obj/src/sas_wdg.o
 .debug_macro   0x00000000       0x6a ../build/obj/src/sas_wdg.o
 .debug_macro   0x00000000      0x1df ../build/obj/src/sas_wdg.o
 .debug_macro   0x00000000       0x22 ../build/obj/src/sas_wdg.o
 .group         0x00000000        0xc ../build/obj/src/sas_gpio.o
 .group         0x00000000        0xc ../build/obj/src/sas_gpio.o
 .group         0x00000000        0xc ../build/obj/src/sas_gpio.o
 .group         0x00000000        0xc ../build/obj/src/sas_gpio.o
 .group         0x00000000        0xc ../build/obj/src/sas_gpio.o
 .group         0x00000000        0xc ../build/obj/src/sas_gpio.o
 .group         0x00000000        0xc ../build/obj/src/sas_gpio.o
 .group         0x00000000        0xc ../build/obj/src/sas_gpio.o
 .group         0x00000000        0xc ../build/obj/src/sas_gpio.o
 .group         0x00000000        0xc ../build/obj/src/sas_gpio.o
 .group         0x00000000        0xc ../build/obj/src/sas_gpio.o
 .group         0x00000000        0xc ../build/obj/src/sas_gpio.o
 .group         0x00000000        0xc ../build/obj/src/sas_gpio.o
 .group         0x00000000        0xc ../build/obj/src/sas_gpio.o
 .debug_macro   0x00000000      0xa60 ../build/obj/src/sas_gpio.o
 .debug_macro   0x00000000       0x22 ../build/obj/src/sas_gpio.o
 .debug_macro   0x00000000       0x22 ../build/obj/src/sas_gpio.o
 .debug_macro   0x00000000       0x8e ../build/obj/src/sas_gpio.o
 .debug_macro   0x00000000       0x51 ../build/obj/src/sas_gpio.o
 .debug_macro   0x00000000      0x103 ../build/obj/src/sas_gpio.o
 .debug_macro   0x00000000       0x6a ../build/obj/src/sas_gpio.o
 .debug_macro   0x00000000      0x1df ../build/obj/src/sas_gpio.o
 .debug_macro   0x00000000       0x1c ../build/obj/src/sas_gpio.o
 .debug_macro   0x00000000       0x22 ../build/obj/src/sas_gpio.o
 .debug_macro   0x00000000       0xbd ../build/obj/src/sas_gpio.o
 .debug_macro   0x00000000      0xd23 ../build/obj/src/sas_gpio.o
 .debug_macro   0x00000000     0xde75 ../build/obj/src/sas_gpio.o
 .debug_macro   0x00000000       0x22 ../build/obj/src/sas_gpio.o
 .group         0x00000000        0xc ../build/obj/src/main.o
 .group         0x00000000        0xc ../build/obj/src/main.o
 .group         0x00000000        0xc ../build/obj/src/main.o
 .group         0x00000000        0xc ../build/obj/src/main.o
 .group         0x00000000        0xc ../build/obj/src/main.o
 .group         0x00000000        0xc ../build/obj/src/main.o
 .group         0x00000000        0xc ../build/obj/src/main.o
 .group         0x00000000        0xc ../build/obj/src/main.o
 .group         0x00000000        0xc ../build/obj/src/main.o
 .group         0x00000000        0xc ../build/obj/src/main.o
 .group         0x00000000        0xc ../build/obj/src/main.o
 .group         0x00000000        0xc ../build/obj/src/main.o
 .group         0x00000000        0xc ../build/obj/src/main.o
 .group         0x00000000        0xc ../build/obj/src/main.o
 .debug_macro   0x00000000      0xa60 ../build/obj/src/main.o
 .debug_macro   0x00000000       0x22 ../build/obj/src/main.o
 .debug_macro   0x00000000       0x22 ../build/obj/src/main.o
 .debug_macro   0x00000000       0x8e ../build/obj/src/main.o
 .debug_macro   0x00000000       0x51 ../build/obj/src/main.o
 .debug_macro   0x00000000      0x103 ../build/obj/src/main.o
 .debug_macro   0x00000000       0x6a ../build/obj/src/main.o
 .debug_macro   0x00000000      0x1df ../build/obj/src/main.o
 .debug_macro   0x00000000       0x1c ../build/obj/src/main.o
 .debug_macro   0x00000000       0x22 ../build/obj/src/main.o
 .debug_macro   0x00000000       0xbd ../build/obj/src/main.o
 .debug_macro   0x00000000      0xd23 ../build/obj/src/main.o
 .debug_macro   0x00000000     0xde75 ../build/obj/src/main.o
 .debug_macro   0x00000000       0x22 ../build/obj/src/main.o
 .group         0x00000000        0xc ../build/obj/src/sas_adc.o
 .group         0x00000000        0xc ../build/obj/src/sas_adc.o
 .group         0x00000000        0xc ../build/obj/src/sas_adc.o
 .group         0x00000000        0xc ../build/obj/src/sas_adc.o
 .group         0x00000000        0xc ../build/obj/src/sas_adc.o
 .group         0x00000000        0xc ../build/obj/src/sas_adc.o
 .group         0x00000000        0xc ../build/obj/src/sas_adc.o
 .group         0x00000000        0xc ../build/obj/src/sas_adc.o
 .debug_macro   0x00000000      0xa60 ../build/obj/src/sas_adc.o
 .debug_macro   0x00000000       0x22 ../build/obj/src/sas_adc.o
 .debug_macro   0x00000000       0x8e ../build/obj/src/sas_adc.o
 .debug_macro   0x00000000       0x51 ../build/obj/src/sas_adc.o
 .debug_macro   0x00000000      0x103 ../build/obj/src/sas_adc.o
 .debug_macro   0x00000000       0x6a ../build/obj/src/sas_adc.o
 .debug_macro   0x00000000      0x1df ../build/obj/src/sas_adc.o
 .debug_macro   0x00000000       0x22 ../build/obj/src/sas_adc.o
 .group         0x00000000        0xc ../build/obj/src/sas_clock.o
 .group         0x00000000        0xc ../build/obj/src/sas_clock.o
 .group         0x00000000        0xc ../build/obj/src/sas_clock.o
 .group         0x00000000        0xc ../build/obj/src/sas_clock.o
 .group         0x00000000        0xc ../build/obj/src/sas_clock.o
 .group         0x00000000        0xc ../build/obj/src/sas_clock.o
 .group         0x00000000        0xc ../build/obj/src/sas_clock.o
 .group         0x00000000        0xc ../build/obj/src/sas_clock.o
 .group         0x00000000        0xc ../build/obj/src/sas_clock.o
 .group         0x00000000        0xc ../build/obj/src/sas_clock.o
 .group         0x00000000        0xc ../build/obj/src/sas_clock.o
 .group         0x00000000        0xc ../build/obj/src/sas_clock.o
 .group         0x00000000        0xc ../build/obj/src/sas_clock.o
 .group         0x00000000        0xc ../build/obj/src/sas_clock.o
 .debug_macro   0x00000000      0xa60 ../build/obj/src/sas_clock.o
 .debug_macro   0x00000000       0x22 ../build/obj/src/sas_clock.o
 .debug_macro   0x00000000       0x22 ../build/obj/src/sas_clock.o
 .debug_macro   0x00000000       0x8e ../build/obj/src/sas_clock.o
 .debug_macro   0x00000000       0x51 ../build/obj/src/sas_clock.o
 .debug_macro   0x00000000      0x103 ../build/obj/src/sas_clock.o
 .debug_macro   0x00000000       0x6a ../build/obj/src/sas_clock.o
 .debug_macro   0x00000000      0x1df ../build/obj/src/sas_clock.o
 .debug_macro   0x00000000       0x1c ../build/obj/src/sas_clock.o
 .debug_macro   0x00000000       0x22 ../build/obj/src/sas_clock.o
 .debug_macro   0x00000000       0xbd ../build/obj/src/sas_clock.o
 .debug_macro   0x00000000      0xd23 ../build/obj/src/sas_clock.o
 .debug_macro   0x00000000     0xde75 ../build/obj/src/sas_clock.o
 .debug_macro   0x00000000       0x22 ../build/obj/src/sas_clock.o
 .group         0x00000000        0xc ../build/obj/src/sas_interrupt.o
 .group         0x00000000        0xc ../build/obj/src/sas_interrupt.o
 .group         0x00000000        0xc ../build/obj/src/sas_interrupt.o
 .group         0x00000000        0xc ../build/obj/src/sas_interrupt.o
 .group         0x00000000        0xc ../build/obj/src/sas_interrupt.o
 .group         0x00000000        0xc ../build/obj/src/sas_interrupt.o
 .group         0x00000000        0xc ../build/obj/src/sas_interrupt.o
 .group         0x00000000        0xc ../build/obj/src/sas_interrupt.o
 .group         0x00000000        0xc ../build/obj/src/sas_interrupt.o
 .group         0x00000000        0xc ../build/obj/src/sas_interrupt.o
 .group         0x00000000        0xc ../build/obj/src/sas_interrupt.o
 .group         0x00000000        0xc ../build/obj/src/sas_interrupt.o
 .group         0x00000000        0xc ../build/obj/src/sas_interrupt.o
 .group         0x00000000        0xc ../build/obj/src/sas_interrupt.o
 .debug_macro   0x00000000      0xa60 ../build/obj/src/sas_interrupt.o
 .debug_macro   0x00000000       0x22 ../build/obj/src/sas_interrupt.o
 .debug_macro   0x00000000       0x22 ../build/obj/src/sas_interrupt.o
 .debug_macro   0x00000000       0x8e ../build/obj/src/sas_interrupt.o
 .debug_macro   0x00000000       0x51 ../build/obj/src/sas_interrupt.o
 .debug_macro   0x00000000      0x103 ../build/obj/src/sas_interrupt.o
 .debug_macro   0x00000000       0x6a ../build/obj/src/sas_interrupt.o
 .debug_macro   0x00000000      0x1df ../build/obj/src/sas_interrupt.o
 .debug_macro   0x00000000       0x1c ../build/obj/src/sas_interrupt.o
 .debug_macro   0x00000000       0x22 ../build/obj/src/sas_interrupt.o
 .debug_macro   0x00000000       0xbd ../build/obj/src/sas_interrupt.o
 .debug_macro   0x00000000      0xd23 ../build/obj/src/sas_interrupt.o
 .debug_macro   0x00000000     0xde75 ../build/obj/src/sas_interrupt.o
 .debug_macro   0x00000000       0x22 ../build/obj/src/sas_interrupt.o
 .group         0x00000000        0xc ../build/obj/src/sas_init.o
 .group         0x00000000        0xc ../build/obj/src/sas_init.o
 .group         0x00000000        0xc ../build/obj/src/sas_init.o
 .group         0x00000000        0xc ../build/obj/src/sas_init.o
 .group         0x00000000        0xc ../build/obj/src/sas_init.o
 .group         0x00000000        0xc ../build/obj/src/sas_init.o
 .group         0x00000000        0xc ../build/obj/src/sas_init.o
 .group         0x00000000        0xc ../build/obj/src/sas_init.o
 .group         0x00000000        0xc ../build/obj/src/sas_init.o
 .group         0x00000000        0xc ../build/obj/src/sas_init.o
 .group         0x00000000        0xc ../build/obj/src/sas_init.o
 .group         0x00000000        0xc ../build/obj/src/sas_init.o
 .group         0x00000000        0xc ../build/obj/src/sas_init.o
 .group         0x00000000        0xc ../build/obj/src/sas_init.o
 .debug_macro   0x00000000      0xa60 ../build/obj/src/sas_init.o
 .debug_macro   0x00000000       0x22 ../build/obj/src/sas_init.o
 .debug_macro   0x00000000       0x22 ../build/obj/src/sas_init.o
 .debug_macro   0x00000000       0x8e ../build/obj/src/sas_init.o
 .debug_macro   0x00000000       0x51 ../build/obj/src/sas_init.o
 .debug_macro   0x00000000      0x103 ../build/obj/src/sas_init.o
 .debug_macro   0x00000000       0x6a ../build/obj/src/sas_init.o
 .debug_macro   0x00000000      0x1df ../build/obj/src/sas_init.o
 .debug_macro   0x00000000       0x1c ../build/obj/src/sas_init.o
 .debug_macro   0x00000000       0x22 ../build/obj/src/sas_init.o
 .debug_macro   0x00000000       0xbd ../build/obj/src/sas_init.o
 .debug_macro   0x00000000      0xd23 ../build/obj/src/sas_init.o
 .debug_macro   0x00000000     0xde75 ../build/obj/src/sas_init.o
 .debug_macro   0x00000000       0x22 ../build/obj/src/sas_init.o
 .group         0x00000000        0xc ../build/obj/src/sas_uart.o
 .group         0x00000000        0xc ../build/obj/src/sas_uart.o
 .group         0x00000000        0xc ../build/obj/src/sas_uart.o
 .group         0x00000000        0xc ../build/obj/src/sas_uart.o
 .group         0x00000000        0xc ../build/obj/src/sas_uart.o
 .group         0x00000000        0xc ../build/obj/src/sas_uart.o
 .group         0x00000000        0xc ../build/obj/src/sas_uart.o
 .group         0x00000000        0xc ../build/obj/src/sas_uart.o
 .debug_macro   0x00000000      0xa60 ../build/obj/src/sas_uart.o
 .debug_macro   0x00000000       0x22 ../build/obj/src/sas_uart.o
 .debug_macro   0x00000000       0x8e ../build/obj/src/sas_uart.o
 .debug_macro   0x00000000       0x51 ../build/obj/src/sas_uart.o
 .debug_macro   0x00000000      0x103 ../build/obj/src/sas_uart.o
 .debug_macro   0x00000000       0x6a ../build/obj/src/sas_uart.o
 .debug_macro   0x00000000      0x1df ../build/obj/src/sas_uart.o
 .debug_macro   0x00000000       0x22 ../build/obj/src/sas_uart.o
 .group         0x00000000        0xc ../build/obj/src/sas_startup.o
 .group         0x00000000        0xc ../build/obj/src/sas_startup.o
 .group         0x00000000        0xc ../build/obj/src/sas_startup.o
 .group         0x00000000        0xc ../build/obj/src/sas_startup.o
 .group         0x00000000        0xc ../build/obj/src/sas_startup.o
 .group         0x00000000        0xc ../build/obj/src/sas_startup.o
 .group         0x00000000        0xc ../build/obj/src/sas_startup.o
 .group         0x00000000        0xc ../build/obj/src/sas_startup.o
 .group         0x00000000        0xc ../build/obj/src/sas_startup.o
 .group         0x00000000        0xc ../build/obj/src/sas_startup.o
 .group         0x00000000        0xc ../build/obj/src/sas_startup.o
 .group         0x00000000        0xc ../build/obj/src/sas_startup.o
 .group         0x00000000        0xc ../build/obj/src/sas_startup.o
 .group         0x00000000        0xc ../build/obj/src/sas_startup.o
 .debug_macro   0x00000000      0xa60 ../build/obj/src/sas_startup.o
 .debug_macro   0x00000000       0x22 ../build/obj/src/sas_startup.o
 .debug_macro   0x00000000       0x22 ../build/obj/src/sas_startup.o
 .debug_macro   0x00000000       0x8e ../build/obj/src/sas_startup.o
 .debug_macro   0x00000000       0x51 ../build/obj/src/sas_startup.o
 .debug_macro   0x00000000      0x103 ../build/obj/src/sas_startup.o
 .debug_macro   0x00000000       0x6a ../build/obj/src/sas_startup.o
 .debug_macro   0x00000000      0x1df ../build/obj/src/sas_startup.o
 .debug_macro   0x00000000       0x1c ../build/obj/src/sas_startup.o
 .debug_macro   0x00000000       0x22 ../build/obj/src/sas_startup.o
 .debug_macro   0x00000000       0xbd ../build/obj/src/sas_startup.o
 .debug_macro   0x00000000      0xd23 ../build/obj/src/sas_startup.o
 .debug_macro   0x00000000     0xde75 ../build/obj/src/sas_startup.o
 .debug_macro   0x00000000       0x22 ../build/obj/src/sas_startup.o
 .group         0x00000000        0xc ../build/obj/src/sas_can.o
 .group         0x00000000        0xc ../build/obj/src/sas_can.o
 .group         0x00000000        0xc ../build/obj/src/sas_can.o
 .group         0x00000000        0xc ../build/obj/src/sas_can.o
 .group         0x00000000        0xc ../build/obj/src/sas_can.o
 .group         0x00000000        0xc ../build/obj/src/sas_can.o
 .group         0x00000000        0xc ../build/obj/src/sas_can.o
 .group         0x00000000        0xc ../build/obj/src/sas_can.o
 .group         0x00000000        0xc ../build/obj/src/sas_can.o
 .group         0x00000000        0xc ../build/obj/src/sas_can.o
 .group         0x00000000        0xc ../build/obj/src/sas_can.o
 .group         0x00000000        0xc ../build/obj/src/sas_can.o
 .group         0x00000000        0xc ../build/obj/src/sas_can.o
 .group         0x00000000        0xc ../build/obj/src/sas_can.o
 .debug_macro   0x00000000      0xa60 ../build/obj/src/sas_can.o
 .debug_macro   0x00000000       0x22 ../build/obj/src/sas_can.o
 .debug_macro   0x00000000       0x22 ../build/obj/src/sas_can.o
 .debug_macro   0x00000000       0x8e ../build/obj/src/sas_can.o
 .debug_macro   0x00000000       0x51 ../build/obj/src/sas_can.o
 .debug_macro   0x00000000      0x103 ../build/obj/src/sas_can.o
 .debug_macro   0x00000000       0x6a ../build/obj/src/sas_can.o
 .debug_macro   0x00000000      0x1df ../build/obj/src/sas_can.o
 .debug_macro   0x00000000       0x1c ../build/obj/src/sas_can.o
 .debug_macro   0x00000000       0x22 ../build/obj/src/sas_can.o
 .debug_macro   0x00000000       0xbd ../build/obj/src/sas_can.o
 .debug_macro   0x00000000      0xd23 ../build/obj/src/sas_can.o
 .debug_macro   0x00000000     0xde75 ../build/obj/src/sas_can.o
 .debug_macro   0x00000000       0x22 ../build/obj/src/sas_can.o

Memory Configuration

Name             Origin             Length             Attributes
VECTAB           0x08000000         0x00000110         xr
FLASH            0x08000114         0x00005eec         xr
SRAM             0x20000000         0x00002800         xrw
*default*        0x00000000         0xffffffff

Linker script and memory map

LOAD ../build/obj/src/sas_dac.o
LOAD ../build/obj/src/sas_wdg.o
LOAD ../build/obj/src/sas_gpio.o
LOAD ../build/obj/src/main.o
LOAD ../build/obj/src/sas_adc.o
LOAD ../build/obj/src/sas_clock.o
LOAD ../build/obj/src/sas_interrupt.o
LOAD ../build/obj/src/sas_init.o
LOAD ../build/obj/src/sas_uart.o
LOAD ../build/obj/src/sas_startup.o
LOAD ../build/obj/src/sas_can.o

.intvec         0x08000000      0x10c
                0x08000000                _intvec_start_ = .
 *(.intvec)
 .intvec        0x08000000      0x10c ../build/obj/src/sas_interrupt.o
                0x08000000                vectorTable
                0x0800010c                . = ALIGN (0x4)
                0x0800010c                _intvec_end_ = .

.text           0x08000114      0x564
                0x08000114                _stext = .
 *(.text)
 .text          0x08000114        0x0 ../build/obj/src/sas_dac.o
 .text          0x08000114       0x1c ../build/obj/src/sas_wdg.o
                0x08000114                sas_serv_wdg
                0x08000122                sas_wdg_init
 .text          0x08000130      0x16c ../build/obj/src/sas_gpio.o
                0x08000130                sas_read_pin
                0x08000148                sas_write_pin
                0x08000160                sas_read_port
                0x08000178                sas_write_port
                0x08000190                sas_configure_pin
                0x08000284                sas_configure_port
 .text          0x0800029c       0x78 ../build/obj/src/main.o
                0x0800029c                delay
                0x080002c8                JumpToApp
                0x08000308                main
 .text          0x08000314        0x0 ../build/obj/src/sas_adc.o
 .text          0x08000314      0x154 ../build/obj/src/sas_clock.o
                0x08000314                sas_clock_init
                0x08000354                sas_clock_set
                0x08000414                sas_peri_clock_enable
 .text          0x08000468       0x3c ../build/obj/src/sas_interrupt.o
                0x08000468                RTC_Alarm_IRQHandler
                0x08000468                EXTI2_IRQHandler
                0x08000468                I2C1_ER_IRQHandler
                0x08000468                TIM1_CC_IRQHandler
                0x08000468                USART1_IRQHandler
                0x08000468                FLASH_IRQHandler
                0x08000468                PVD_IRQHandler
                0x08000468                CAN1_SCE_IRQHandler
                0x08000468                DMA1_Channel2_IRQHandler
                0x08000468                EXTI3_IRQHandler
                0x08000468                EXTI0_IRQHandler
                0x08000468                USART2_IRQHandler
                0x08000468                ADC1_2_IRQHandler
                0x08000468                SPI1_IRQHandler
                0x08000468                TAMPER_IRQHandler
                0x08000468                DMA1_Channel4_IRQHandler
                0x08000468                DefaultHandler
                0x08000468                RTC_IRQHandler
                0x08000468                DMA1_Channel7_IRQHandler
                0x08000468                CAN1_RX1_IRQHandler
                0x08000468                I2C1_EV_IRQHandler
                0x08000468                DMA1_Channel6_IRQHandler
                0x08000468                TIM3_IRQHandler
                0x08000468                RCC_IRQHandler
                0x08000468                TIM1_TRG_COM_IRQHandler
                0x08000468                DMA1_Channel1_IRQHandler
                0x08000468                EXTI15_10_IRQHandler
                0x08000468                EXTI9_5_IRQHandler
                0x08000468                EXTI1_IRQHandler
                0x08000468                TIM1_BRK_IRQHandler
                0x08000468                DMA1_Channel5_IRQHandler
                0x08000468                EXTI4_IRQHandler
                0x08000468                USB_LP_CAN1_RX0_IRQHandler
                0x08000468                USB_HP_CAN1_TX_IRQHandler
                0x08000468                DMA1_Channel3_IRQHandler
                0x08000468                TIM1_UP_IRQHandler
                0x08000468                WWDG_IRQHandler
                0x08000468                TIM2_IRQHandler
                0x08000468                USBWakeUp_IRQHandler
                0x0800046e                NMI_Handler
                0x08000474                HardFault_Handler
                0x0800047a                MemManage_Handler
                0x08000480                BusFault_Handler
                0x08000486                UsageFault_Handler
                0x0800048c                SVC_Handler
                0x08000492                DebugMon_Handler
                0x08000498                PendSV_Handler
                0x0800049e                SysTick_Handler
 .text          0x080004a4       0x34 ../build/obj/src/sas_init.o
                0x080004a4                sysinit
 .text          0x080004d8        0x0 ../build/obj/src/sas_uart.o
 .text          0x080004d8       0x78 ../build/obj/src/sas_startup.o
                0x080004d8                Reset_Handler
                0x080004e8                initDataNbss
 .text          0x08000550       0xe6 ../build/obj/src/sas_can.o
                0x08000550                sas_can_init
                0x080005c2                sas_can_startStop
                0x080005d0                sas_set_can_mode
                0x080005de                sas_can_config
                0x080005ec                sas_get_can_status
                0x08000600                sas_can_fiter_conf
                0x0800060e                sas_canWrite
                0x08000622                sas_canRead
 *(.text*)
 *(.rodata)
 *fill*         0x08000636        0x2 
 .rodata        0x08000638       0x40 ../build/obj/src/sas_clock.o
                0x08000638                sas_clock_config
 *(.rodata*)
 *(.glue_7)
 .glue_7        0x08000678        0x0 linker stubs
 *(.glue_7t)
 .glue_7t       0x08000678        0x0 linker stubs
 *(.eh_frame)
 *(.init)
 *(.fini)
                0x08000678                . = ALIGN (0x4)
                0x08000678                _etext = .

.vfp11_veneer   0x08000678        0x0
 .vfp11_veneer  0x08000678        0x0 linker stubs

.v4_bx          0x08000678        0x0
 .v4_bx         0x08000678        0x0 linker stubs

.iplt           0x08000678        0x0
 .iplt          0x08000678        0x0 ../build/obj/src/main.o

.rel.dyn        0x08000678        0x0
 .rel.iplt      0x08000678        0x0 ../build/obj/src/main.o

.data           0x20000000        0x4 load address 0x08000678
 *(.BootAppFlags)
 .BootAppFlags  0x20000000        0x4 ../build/obj/src/main.o
                0x20000000                BootAppFlag
                0x20000004                _sdata_ram = .
 *(.data)
 .data          0x20000004        0x0 ../build/obj/src/sas_dac.o
 .data          0x20000004        0x0 ../build/obj/src/sas_wdg.o
 .data          0x20000004        0x0 ../build/obj/src/sas_gpio.o
 .data          0x20000004        0x0 ../build/obj/src/main.o
 .data          0x20000004        0x0 ../build/obj/src/sas_adc.o
 .data          0x20000004        0x0 ../build/obj/src/sas_clock.o
 .data          0x20000004        0x0 ../build/obj/src/sas_interrupt.o
 .data          0x20000004        0x0 ../build/obj/src/sas_init.o
 .data          0x20000004        0x0 ../build/obj/src/sas_uart.o
 .data          0x20000004        0x0 ../build/obj/src/sas_startup.o
 .data          0x20000004        0x0 ../build/obj/src/sas_can.o
                0x20000004                . = ALIGN (0x4)
                0x20000004                _edata_ram = .

.igot.plt       0x20000004        0x0 load address 0x0800067c
 .igot.plt      0x20000004        0x0 ../build/obj/src/main.o

.bss            0x20000004       0x1c load address 0x0800067c
                0x20000004                _bss_start_ = .
 *(.bss)
 .bss           0x20000004        0x0 ../build/obj/src/sas_dac.o
 .bss           0x20000004        0x0 ../build/obj/src/sas_wdg.o
 .bss           0x20000004        0x0 ../build/obj/src/sas_gpio.o
 .bss           0x20000004       0x19 ../build/obj/src/main.o
                0x20000004                dlyCnt
                0x20000008                counter
                0x2000000c                timeoutVar
                0x20000010                count
                0x20000012                pendingData
                0x20000014                validAppAvailble
                0x20000018                i
                0x2000001c                currstate
 .bss           0x2000001d        0x0 ../build/obj/src/sas_adc.o
 .bss           0x2000001d        0x0 ../build/obj/src/sas_clock.o
 .bss           0x2000001d        0x0 ../build/obj/src/sas_interrupt.o
 .bss           0x2000001d        0x0 ../build/obj/src/sas_init.o
 .bss           0x2000001d        0x0 ../build/obj/src/sas_uart.o
 .bss           0x2000001d        0x0 ../build/obj/src/sas_startup.o
 .bss           0x2000001d        0x0 ../build/obj/src/sas_can.o
 *(.bss*)
 *(.common)
 *(.common*)
                0x20000020                . = ALIGN (0x4)
 *fill*         0x2000001d        0x3 
                0x20000020                _bss_end_ = .
OUTPUT(../build/bin/STM32F103C6_BL.elf elf32-littlearm)
LOAD linker stubs

.debug_info     0x00000000     0x13de
 .debug_info    0x00000000       0x68 ../build/obj/src/sas_dac.o
 .debug_info    0x00000068       0xc9 ../build/obj/src/sas_wdg.o
 .debug_info    0x00000131      0x43d ../build/obj/src/sas_gpio.o
 .debug_info    0x0000056e      0x259 ../build/obj/src/main.o
 .debug_info    0x000007c7       0x68 ../build/obj/src/sas_adc.o
 .debug_info    0x0000082f      0x2f4 ../build/obj/src/sas_clock.o
 .debug_info    0x00000b23      0x168 ../build/obj/src/sas_interrupt.o
 .debug_info    0x00000c8b       0xb3 ../build/obj/src/sas_init.o
 .debug_info    0x00000d3e       0x68 ../build/obj/src/sas_uart.o
 .debug_info    0x00000da6      0x13e ../build/obj/src/sas_startup.o
 .debug_info    0x00000ee4      0x4fa ../build/obj/src/sas_can.o

.debug_abbrev   0x00000000      0x7f7
 .debug_abbrev  0x00000000       0x29 ../build/obj/src/sas_dac.o
 .debug_abbrev  0x00000029       0x74 ../build/obj/src/sas_wdg.o
 .debug_abbrev  0x0000009d      0x166 ../build/obj/src/sas_gpio.o
 .debug_abbrev  0x00000203      0x14c ../build/obj/src/main.o
 .debug_abbrev  0x0000034f       0x29 ../build/obj/src/sas_adc.o
 .debug_abbrev  0x00000378      0x165 ../build/obj/src/sas_clock.o
 .debug_abbrev  0x000004dd       0x82 ../build/obj/src/sas_interrupt.o
 .debug_abbrev  0x0000055f       0x74 ../build/obj/src/sas_init.o
 .debug_abbrev  0x000005d3       0x29 ../build/obj/src/sas_uart.o
 .debug_abbrev  0x000005fc       0x9b ../build/obj/src/sas_startup.o
 .debug_abbrev  0x00000697      0x160 ../build/obj/src/sas_can.o

.debug_aranges  0x00000000      0x148
 .debug_aranges
                0x00000000       0x18 ../build/obj/src/sas_dac.o
 .debug_aranges
                0x00000018       0x20 ../build/obj/src/sas_wdg.o
 .debug_aranges
                0x00000038       0x20 ../build/obj/src/sas_gpio.o
 .debug_aranges
                0x00000058       0x20 ../build/obj/src/main.o
 .debug_aranges
                0x00000078       0x18 ../build/obj/src/sas_adc.o
 .debug_aranges
                0x00000090       0x20 ../build/obj/src/sas_clock.o
 .debug_aranges
                0x000000b0       0x20 ../build/obj/src/sas_interrupt.o
 .debug_aranges
                0x000000d0       0x20 ../build/obj/src/sas_init.o
 .debug_aranges
                0x000000f0       0x18 ../build/obj/src/sas_uart.o
 .debug_aranges
                0x00000108       0x20 ../build/obj/src/sas_startup.o
 .debug_aranges
                0x00000128       0x20 ../build/obj/src/sas_can.o

.debug_macro    0x00000000    0x103a6
 .debug_macro   0x00000000       0x70 ../build/obj/src/sas_dac.o
 .debug_macro   0x00000070      0xa60 ../build/obj/src/sas_dac.o
 .debug_macro   0x00000ad0       0x22 ../build/obj/src/sas_dac.o
 .debug_macro   0x00000af2       0x8e ../build/obj/src/sas_dac.o
 .debug_macro   0x00000b80       0x51 ../build/obj/src/sas_dac.o
 .debug_macro   0x00000bd1      0x103 ../build/obj/src/sas_dac.o
 .debug_macro   0x00000cd4       0x6a ../build/obj/src/sas_dac.o
 .debug_macro   0x00000d3e      0x1df ../build/obj/src/sas_dac.o
 .debug_macro   0x00000f1d       0x22 ../build/obj/src/sas_dac.o
 .debug_macro   0x00000f3f       0xc4 ../build/obj/src/sas_wdg.o
 .debug_macro   0x00001003       0x22 ../build/obj/src/sas_wdg.o
 .debug_macro   0x00001025       0x1c ../build/obj/src/sas_wdg.o
 .debug_macro   0x00001041       0x22 ../build/obj/src/sas_wdg.o
 .debug_macro   0x00001063       0xbd ../build/obj/src/sas_wdg.o
 .debug_macro   0x00001120      0xd23 ../build/obj/src/sas_wdg.o
 .debug_macro   0x00001e43     0xde75 ../build/obj/src/sas_wdg.o
 .debug_macro   0x0000fcb8       0xc4 ../build/obj/src/sas_gpio.o
 .debug_macro   0x0000fd7c       0xf8 ../build/obj/src/main.o
 .debug_macro   0x0000fe74       0x70 ../build/obj/src/sas_adc.o
 .debug_macro   0x0000fee4       0xc4 ../build/obj/src/sas_clock.o
 .debug_macro   0x0000ffa8       0xea ../build/obj/src/sas_interrupt.o
 .debug_macro   0x00010092       0xe2 ../build/obj/src/sas_init.o
 .debug_macro   0x00010174       0x70 ../build/obj/src/sas_uart.o
 .debug_macro   0x000101e4       0xea ../build/obj/src/sas_startup.o
 .debug_macro   0x000102ce       0xd8 ../build/obj/src/sas_can.o

.debug_line     0x00000000     0x1dbf
 .debug_line    0x00000000      0x1f7 ../build/obj/src/sas_dac.o
 .debug_line    0x000001f7      0x27d ../build/obj/src/sas_wdg.o
 .debug_line    0x00000474      0x34d ../build/obj/src/sas_gpio.o
 .debug_line    0x000007c1      0x2e9 ../build/obj/src/main.o
 .debug_line    0x00000aaa      0x1f7 ../build/obj/src/sas_adc.o
 .debug_line    0x00000ca1      0x384 ../build/obj/src/sas_clock.o
 .debug_line    0x00001025      0x316 ../build/obj/src/sas_interrupt.o
 .debug_line    0x0000133b      0x2bc ../build/obj/src/sas_init.o
 .debug_line    0x000015f7      0x1f8 ../build/obj/src/sas_uart.o
 .debug_line    0x000017ef      0x2e5 ../build/obj/src/sas_startup.o
 .debug_line    0x00001ad4      0x2eb ../build/obj/src/sas_can.o

.debug_str      0x00000000    0x5325c
 .debug_str     0x00000000     0x3a36 ../build/obj/src/sas_dac.o
                               0x3b91 (size before relaxing)
 .debug_str     0x00003a36    0x4efc2 ../build/obj/src/sas_wdg.o
                              0x52bfa (size before relaxing)
 .debug_str     0x000529f8      0x1f3 ../build/obj/src/sas_gpio.o
                              0x52dd4 (size before relaxing)
 .debug_str     0x00052beb      0x166 ../build/obj/src/main.o
                              0x52d31 (size before relaxing)
 .debug_str     0x00052d51       0x17 ../build/obj/src/sas_adc.o
                               0x3b91 (size before relaxing)
 .debug_str     0x00052d68      0x1be ../build/obj/src/sas_clock.o
                              0x52da3 (size before relaxing)
 .debug_str     0x00052f26       0xc8 ../build/obj/src/sas_interrupt.o
                              0x52ca3 (size before relaxing)
 .debug_str     0x00052fee       0x20 ../build/obj/src/sas_init.o
                              0x52c0d (size before relaxing)
 .debug_str     0x0005300e       0x18 ../build/obj/src/sas_uart.o
                               0x3b92 (size before relaxing)
 .debug_str     0x00053026       0x9c ../build/obj/src/sas_startup.o
                              0x52c77 (size before relaxing)
 .debug_str     0x000530c2      0x19a ../build/obj/src/sas_can.o
                              0x52f5a (size before relaxing)

.comment        0x00000000       0x49
 .comment       0x00000000       0x49 ../build/obj/src/sas_dac.o
                                 0x4a (size before relaxing)
 .comment       0x00000049       0x4a ../build/obj/src/sas_wdg.o
 .comment       0x00000049       0x4a ../build/obj/src/sas_gpio.o
 .comment       0x00000049       0x4a ../build/obj/src/main.o
 .comment       0x00000049       0x4a ../build/obj/src/sas_adc.o
 .comment       0x00000049       0x4a ../build/obj/src/sas_clock.o
 .comment       0x00000049       0x4a ../build/obj/src/sas_interrupt.o
 .comment       0x00000049       0x4a ../build/obj/src/sas_init.o
 .comment       0x00000049       0x4a ../build/obj/src/sas_uart.o
 .comment       0x00000049       0x4a ../build/obj/src/sas_startup.o
 .comment       0x00000049       0x4a ../build/obj/src/sas_can.o

.ARM.attributes
                0x00000000       0x2d
 .ARM.attributes
                0x00000000       0x2d ../build/obj/src/sas_dac.o
 .ARM.attributes
                0x0000002d       0x2d ../build/obj/src/sas_wdg.o
 .ARM.attributes
                0x0000005a       0x2d ../build/obj/src/sas_gpio.o
 .ARM.attributes
                0x00000087       0x2d ../build/obj/src/main.o
 .ARM.attributes
                0x000000b4       0x2d ../build/obj/src/sas_adc.o
 .ARM.attributes
                0x000000e1       0x2d ../build/obj/src/sas_clock.o
 .ARM.attributes
                0x0000010e       0x2d ../build/obj/src/sas_interrupt.o
 .ARM.attributes
                0x0000013b       0x2d ../build/obj/src/sas_init.o
 .ARM.attributes
                0x00000168       0x2d ../build/obj/src/sas_uart.o
 .ARM.attributes
                0x00000195       0x2d ../build/obj/src/sas_startup.o
 .ARM.attributes
                0x000001c2       0x2d ../build/obj/src/sas_can.o

.debug_frame    0x00000000      0x4f0
 .debug_frame   0x00000000       0x50 ../build/obj/src/sas_wdg.o
 .debug_frame   0x00000050      0x100 ../build/obj/src/sas_gpio.o
 .debug_frame   0x00000150       0x78 ../build/obj/src/main.o
 .debug_frame   0x000001c8       0x7c ../build/obj/src/sas_clock.o
 .debug_frame   0x00000244      0x100 ../build/obj/src/sas_interrupt.o
 .debug_frame   0x00000344       0x2c ../build/obj/src/sas_init.o
 .debug_frame   0x00000370       0x54 ../build/obj/src/sas_startup.o
 .debug_frame   0x000003c4      0x12c ../build/obj/src/sas_can.o
